python : 2025-09-03 18:07:13,071 - WARNING - LLM provider 'anthropic' not available
At line:1 char:1
+ python src/pdf_to_wallet_pass_modular.py src/ticket.pdf --debug > tes ...
+ ~~~~~~~~~~~~~~~~~~~~~~~~~~~~~~~~~~~~~~~~~~~~~~~~~~~~~~~~~~~~~~~~~~~~~
    + CategoryInfo          : NotSpecified: (2025-09-03 18:0...' not available:String) [], RemoteEx 
   ception
    + FullyQualifiedErrorId : NativeCommandError
 
2025-09-03 18:07:13,071 - INFO - Processing PDF: src/ticket.pdf
2025-09-03 18:07:13,076 - INFO - Extracted 286 characters from 4 pages
2025-09-03 18:07:13,076 - ERROR - Processing failed: 'charmap' codec can't encode characters in 
position 12-16: character maps to <undefined>
Traceback (most recent call last):
  File "C:\Users\lior\Documents\GitHub\backend\src\pdf_to_wallet_pass_modular.py", line 118, in main
    passes = processor.process_pdf(
        pdf_path=args.pdf_path,
    ...<7 lines>...
        api_key_env=args.api_key_env
    )
  File "C:\Users\lior\Documents\GitHub\backend\src\wallet_pass_converter\processor.py", line 44, in 
process_pdf
    print(ticket_data.raw_text)
    ~~~~~^^^^^^^^^^^^^^^^^^^^^^
  File "C:\Users\lior\AppData\Local\Programs\Python\Python313\Lib\encodings\cp1252.py", line 19, in 
encode
    return codecs.charmap_encode(input,self.errors,encoding_table)[0]
           ~~~~~~~~~~~~~~~~~~~~~^^^^^^^^^^^^^^^^^^^^^^^^^^^^^^^^^^
UnicodeEncodeError: 'charmap' codec can't encode characters in position 12-16: character maps to 
<undefined>
